state locus=10 status=1 first_failing=10 nstmts=10 ndiags=0
  obligations=0
state locus=9 status=0 first_failing=10 nstmts=10 ndiags=0
  obligations=0
state locus=10 status=1 first_failing=10 nstmts=10 ndiags=0
  obligations=0
state locus=4 status=2 first_failing=1 nstmts=4 ndiags=1
  diag line=3 col=1 code=E_IMPORT_NOT_FOUND msg=cannot find module 'missing_module' on the search path
  obligations=0
state locus=4 status=2 first_failing=1 nstmts=4 ndiags=1
  diag line=3 col=1 code=E_IMPORT_NOT_FOUND msg=cannot find module 'missing_module' on the search path
  obligations=0
state locus=3 status=0 first_failing=4 nstmts=4 ndiags=0
  obligations=0
