state locus=8 status=1 first_failing=8 nstmts=8 ndiags=0
  obligations=0
state locus=8 status=1 first_failing=8 nstmts=8 ndiags=0
  obligations=0
state locus=7 status=0 first_failing=8 nstmts=8 ndiags=0
  obligations=0
state locus=8 status=1 first_failing=8 nstmts=8 ndiags=0
  obligations=0
state locus=8 status=1 first_failing=8 nstmts=8 ndiags=0
  obligations=0
state locus=5 status=1 first_failing=8 nstmts=8 ndiags=0
  obligations=0
state locus=5 status=1 first_failing=8 nstmts=8 ndiags=0
  obligations=0
state locus=8 status=1 first_failing=8 nstmts=8 ndiags=0
  obligations=0
  repl: ✓ typechecks in the accepted scope   (N ms)
(inferred type shown once emeraldc --env-at lands)
